---
source: src/lexer.rs
expression: "lexicize(\"123.4\".to_string()).unwrap()"
---
TokenStream {
    tokens: [
        Number(
            "123.4",
        ),
    ],
}
