---
source: src/lexer.rs
expression: "lexicize(\"{\n            \\\"ability\\\": [1, null, false, 2.0, \\\"55\\\", { \\\"obj\\\": 213 }],\n            \\\"key\\\": { \\\"value\\\": 220 }\n        }\".to_string())"
---
TokenStream {
    data: "{\n            \"ability\": [1, null, false, 2.0, \"55\", { \"obj\": 213 }],\n            \"key\": { \"value\": 220 }\n        }",
    tokens: [
        BraceOpen,
        String(
            "ability",
        ),
        Colon,
        BracketOpen,
        Number(
            "1",
        ),
        Comma,
        Null,
        Comma,
        Bool(
            false,
        ),
        Comma,
        Number(
            "2.0",
        ),
        Comma,
        String(
            "55",
        ),
        Comma,
        BraceOpen,
        String(
            "obj",
        ),
        Colon,
        Number(
            "213",
        ),
        BraceClose,
        BracketClose,
        Comma,
        String(
            "key",
        ),
        Colon,
        BraceOpen,
        String(
            "value",
        ),
        Colon,
        Number(
            "220",
        ),
        BraceClose,
        BraceClose,
    ],
}
