---
source: src/lexer.rs
expression: "lexicize_complete(\"{ \\\"about\\\": 10 }\".to_string()).unwrap()"
---
TokenStream {
    tokens: [
        BraceOpen,
        String(
            "about",
        ),
        Colon,
        Number(
            10.0,
        ),
        BraceClose,
    ],
}
